// Jest Snapshot v1, https://goo.gl/fbAQLP

exports[`should render snapshot of navbar 1`] = `
<div
  id="nav"
>
  <div
    id="left"
  >
    <img
      alt="LOGO"
      id="img"
      src="https://encrypted-tbn0.gstatic.com/images?q=tbn:ANd9GcQLEMlXG0H88o88hkRIK5vuAgYO57TCcGzczg&usqp=CAU"
    />
    <span
      id="brand"
    >
      PROMAN
    </span>
  </div>
  <div
    id="iconDiv"
  >
    <Link
      id="myProfile"
      to="/myProfile"
    >
      <CgProfile
        id="icon"
      />
    </Link>
  </div>
</div>
`;
